# v1.1.3
# ./Infomap -s 1234 plugins/Infomap/example/ninetriangles.net plugins/Infomap/example/.
# started at 2020-07-01 15:03:47
# completed in 0.0844898 s
# partitioned into 3 levels with 5 top modules
# codelength 3.46227 bits
# relative codelength savings 27.0399%
# path flow name node_id
1:1:1 0.0384615 "19" 19
1:1:2 0.0384615 "20" 20
1:1:3 0.0384615 "21" 21
1:2:1 0.0384615 "22" 22
1:2:2 0.0384615 "23" 23
1:2:3 0.0384615 "24" 24
1:3:1 0.0384615 "25" 25
1:3:2 0.0384615 "26" 26
1:3:3 0.025641 "27" 27
2:1:1 0.0384615 "4" 4
2:1:2 0.0384615 "5" 5
2:1:3 0.0384615 "6" 6
2:2:1 0.0384615 "7" 7
2:2:2 0.0384615 "8" 8
2:2:3 0.0384615 "9" 9
2:3:1 0.0384615 "1" 1
2:3:2 0.0384615 "3" 3
2:3:3 0.025641 "2" 2
3:1 0.0384615 "10" 10
3:2 0.0384615 "11" 11
3:3 0.0384615 "12" 12
4:1 0.0384615 "16" 16
4:2 0.0384615 "17" 17
4:3 0.0384615 "18" 18
5:1 0.0384615 "13" 13
5:2 0.0384615 "15" 15
5:3 0.025641 "14" 14
